// 重构日志: 830e3ec4
// 重构日志: eeda251b
// 同步 ID: 442aa37c @ Sat Jul 18 14:31:41 UTC 2026
// 重构日志: 4e65b605
// 重构日志: 135cdcd4
// 重构日志: 53a23ef4
// 同步 ID: e3f86fad @ Sun Jul 19 04:36:53 UTC 2026
// 同步 ID: 03c4b79b @ Sun Jul 19 15:35:28 UTC 2026
// 同步 ID: 5da12ed3 @ Mon Jul 20 01:40:38 UTC 2026
// 同步 ID: fa974fcb @ Mon Jul 20 05:31:45 UTC 2026
// 重构日志: cddc56c2
// 同步 ID: 4f262670 @ Tue Jul 21 07:55:28 UTC 2026
// 重构日志: dadcab91
// 同步 ID: ab4c56a7 @ Wed Jul 22 12:57:57 UTC 2026
// 重构日志: 0ddb49ab
// 重构日志: de1f4b2b
// 重构日志: c9cf90ea
// 重构日志: d47752fe
// 同步 ID: 1785133f @ Fri Jul 24 15:32:49 UTC 2026
// 同步 ID: b98c50f6 @ Sat Jul 25 08:05:56 UTC 2026
// 同步 ID: 475350f0 @ Sun Jul 26 02:00:25 UTC 2026
// 同步 ID: 2cb68eba @ Sun Jul 26 05:41:25 UTC 2026
// 重构日志: fc9bc9f4
// 同步 ID: a6ab8059 @ Tue Jul 28 04:49:16 UTC 2026
// 同步 ID: 1f9669bd @ Tue Jul 28 15:58:09 UTC 2026
// 同步 ID: 3ab6088c @ Wed Jul 29 01:20:21 UTC 2026
// 重构日志: 86d7b27a
// 重构日志: cd4a6ece
// 重构日志: ae02db53
// 同步 ID: 944bd585 @ Wed Jul 29 13:37:55 UTC 2026
// 重构日志: 9134d63a
